// Jest Snapshot v1, https://goo.gl/fbAQLP

exports[`showImage sets SPI data correctly 1`] = `
Array [
  "11",
  "cf",
  "00",
  "c1",
  "30",
  "ed",
  "64",
  "03",
  "12",
  "81",
  "e8",
  "85",
  "00",
  "79",
  "cb",
  "39",
  "2c",
  "00",
  "34",
  "02",
  "f7",
  "20",
  "ea",
  "00",
  "00",
  "c0",
  "1d",
  "c1",
  "12",
  "c5",
  "33",
  "3f",
  "c7",
  "92",
  "3a",
  "55",
  "36",
  "08",
  "b1",
  "00",
  "12",
  "b6",
  "0a",
  "a2",
  "44",
  "02",
  "f2",
  "00",
  "26",
  "01",
  "e0",
  "0f",
  "22",
  "1c",
  "1b",
  "08",
  "0f",
  "48",
  "b8",
  "34",
  "05",
  "0c",
  "09",
  "0f",
  "07",
  "00",
  "e1",
  "00",
  "23",
  "24",
  "07",
  "10",
  "07",
  "38",
  "47",
  "4b",
  "0a",
  "13",
  "06",
  "30",
  "38",
  "0f",
  "29",
  "36",
  "08",
  "2a",
  "00",
  "00",
  "00",
  "01",
  "2b",
  "00",
  "00",
  "00",
  "03",
  "2c",
  "f800f800f800f800f800f800f800f800",
]
`;
